================================================================================
BIOETHICS RADAR - SEMANTIC GRADING DEBUGGER
This script runs the core pipeline locally and shows exactly how an input
is scored against the official regulatory clauses.
================================================================================
Loading AI model and regulatory embeddings... (this may take a few seconds)

[READY] Enter or paste the text of the paper you want to grade.
When you are finished, press Enter on an empty line, then press Ctrl+Z (Windows) or Ctrl+D (Mac/Linux), then Enter.

--------------------------------------------------------------------------------
Analyzing 1347 characters...
--------------------------------------------------------------------------------

PILLAR: BIOSAFETY & BIOSECURITY
SCORE:  25 / 100

  Graded Against Official Clauses:
    - [DURC/ASPR ╖ Section 3.1] Research that produces, aims to produce, or can be reasonably anticipated to produce one or more of the listed experimen...
    - [Cartagena Protocol ╖ Article 26] The Parties, in reaching a decision on import under this Protocol or under its domestic measures implementing the Protoc...
    - [BWC ╖ Article I] Each State Party to this Convention undertakes never in any circumstances to develop, produce, stockpile or otherwise ac...

  Semantic Engine Evidence Found in Input:
    - (56.1% Match) "This study investigates the attenuated strain of Bacillus anthracis Sterne 34F2 as a platform for next-generation anthrax vaccine development under BS..."
    - (45.4% Match) "maintained in a contained greenhouse facility with full waste disposal protocols. Vaccine candidate material was developed under a Material Transfer A..."

  Key Findings:
